digraph g {
ordering=out;n0[label="$",fillcolor=green,style=filled,shape=circle];
n1[label="$",fillcolor=green,style=filled,shape=circle];
n2[label="map",fillcolor=red,style=filled,shape=triangle];
n3[label="\   -\>",fillcolor=blue,style=filled,shape=circle];
n4[label="_v2",fillcolor=red,style=filled,shape=triangle];
n5[label=".",fillcolor=green,style=filled,shape=circle];
n6[label="x",fillcolor=red,style=filled,shape=triangle];
n7[label="_v2",fillcolor=red,style=filled,shape=triangle];
n8[label=".",fillcolor=green,style=filled,shape=circle];
n9[label="y",fillcolor=red,style=filled,shape=triangle];
n10[label="_v2",fillcolor=red,style=filled,shape=triangle];
n11[label="+",fillcolor=green,style=filled,shape=circle];
n12[label=".",fillcolor=green,style=filled,shape=circle];
n13[label="z",fillcolor=red,style=filled,shape=triangle];
n14[label="_v2",fillcolor=red,style=filled,shape=triangle];
n15[label="+",fillcolor=green,style=filled,shape=circle];
n16[label="$",fillcolor=green,style=filled,shape=circle];
n17[label="$",fillcolor=green,style=filled,shape=circle];
n18[label="map",fillcolor=red,style=filled,shape=triangle];
n19[label="\   -\>",fillcolor=blue,style=filled,shape=circle];
n20[label="_v4",fillcolor=red,style=filled,shape=triangle];
n21[label="Rec",fillcolor=blue,style=filled,shape=ellipse];
n22[label="x",fillcolor=red,style=filled,shape=ellipse];
n23[label="_v4",fillcolor=red,style=filled,shape=triangle];
n24[label="y",fillcolor=red,style=filled,shape=ellipse];
n25[label="4",fillcolor=yellow,style=filled,shape=triangle];
n26[label="z",fillcolor=red,style=filled,shape=ellipse];
n27[label="5",fillcolor=yellow,style=filled,shape=triangle];
n28[label="$",fillcolor=green,style=filled,shape=circle];
n29[label="$",fillcolor=green,style=filled,shape=circle];
n30[label="filter",fillcolor=red,style=filled,shape=triangle];
n31[label="\   -\>",fillcolor=blue,style=filled,shape=circle];
n32[label="_v6",fillcolor=red,style=filled,shape=triangle];
n33[label="True",fillcolor=yellow,style=filled,shape=triangle];
n34[label="someTable",fillcolor=red,style=filled,shape=triangle];
n5 -> n7;
n5 -> n6;
n8 -> n10;
n8 -> n9;
n11 -> n5;
n11 -> n8;
n12 -> n14;
n12 -> n13;
n15 -> n11;
n15 -> n12;
n3 -> n4;
n3 -> n15;
n1 -> n2;
n1 -> n3;
n22 -> n23;
n24 -> n25;
n26 -> n27;
n21 -> n22;
n21 -> n24;
n21 -> n26;
n19 -> n20;
n19 -> n21;
n17 -> n18;
n17 -> n19;
n31 -> n32;
n31 -> n33;
n29 -> n30;
n29 -> n31;
n28 -> n29;
n28 -> n34;
n16 -> n17;
n16 -> n28;
n0 -> n1;
n0 -> n16;
}
