 => [(String, [{name :: String, team :: String}])]