 => (Int, String, {bar :: String, deeper :: [{schnappie :: String}], foo :: String}, Bool)