 => [({fans :: Int, name :: String, number :: Int}, [{name :: String, number :: Int, team :: String}])]