  => {bar :: String, foo :: Int, schnappie :: Bool}