  => [{eff :: Float, injured :: Bool, name :: String, number :: Int, team :: String}]